(node:71542) Warning: The 'NO_COLOR' env is ignored due to the 'FORCE_COLOR' env being set.
(Use `node --trace-warnings ...` to show where the warning was created)
narrow capture: gate surfaces present in this checkout: dump, settingsdump, personalisation, backend, sessiondump, sessionopen, gitcard, trashdump, viewer-strip, sweep, finish, checksred, preparation, trash, confine, langstrip
studio up: http://arxa.studio.localhost:7897 (scratch /tmp/arxa-t8c-narrow-K0FQSK)
[1280] viewer-strip … exit 0 in 35s
[1280] langstrip … exit 0 in 134s

studio log tail (full copy: designs/evidence/studio-closeout/narrow-capture-logs/studio-boot.log):
[github-link] WARNING: /usr/bin/security did not answer within 2000ms (no login keychain for this HOME, or securityd is waiting on something) — using the in-memory fallback for this process.
[github-link] WARNING: no keyring backend available (no Tauri shell bridge, and no usable platform secret store — /usr/bin/security on macOS, secret-tool + a running Secret Service on Linux). The GitHub token will be held IN MEMORY ONLY and lost when this process exits.
[arxa-boot] prewarm snapshot+open in 28ms (org none)
[arxa-boot] desktop-session apply
dsh web: http://127.0.0.1:7897/?token=REDACTED
[arxa-boot] listSessions #1 1ms index hits=0 misses=0
[arxa-boot] listSessions #2 0ms index hits=0 misses=0
[arxa-boot] session list 0 items in 0ms (query 0 records in 1ms)
[arxa-boot] state served from prewarm
[arxa-boot] state first served in 0ms
[arxa-artifact-viewer] root server serving /tmp/arxa-t8c-narrow-K0FQSK/org/T8CLOSE at http://org-T8CLOSE.localhost:63011
[arxa-artifact-viewer] trace boot@2026-09-13T23:19:05.388Z timeout 32233ms bundle=warm nav=navigate/redir1 fetch=3 resp=6 dcl=47 load=214 client-eval=121 state-req=230 state-res=256 js=10/11574KB/last@2050/top=arxa-monaco.js:10280K,vendor-CCJJTK99.js:723K,index-Df-65__b.js:413K,icons.js:85K slow=session/modelCatalog:192+378,agentPresets/list:231+340,agentPresets/list:253+337
[arxa-sidebar] spawned arxa-T8CLOSE-notes-note-wt-260914-001 liveAgent=true
[arxa-artifact-viewer] trace boot@2026-09-13T23:19:46.355Z timeout 41528ms bundle=warm nav=reload/redir0 fetch=6 resp=11 dcl=48 load=178 client-eval=83 state-req=193 state-res=218 catalog-first=240 js=10/11574KB/last@1991/top=arxa-monaco.js:10280K,vendor-CCJJTK99.js:723K,index-Df-65__b.js:413K,icons.js:85K slow=arxa-provider-status/current:357+220,agentPresets/list:213+108,session/create:240+100

structured rows: designs/evidence/studio-closeout/narrow-capture-log.json · pair logs: designs/evidence/studio-closeout/narrow-capture-logs/

shot                                             width  result    errs(filtered)
------------------------------------------------------------------------------
viewer-install-strip-light-1280.png              1280   missing   1
viewer-install-strip-dark-1280.png               1280   missing   1
langstrip-ts-1280.png                            1280   missing   3
langstrip-css-1280.png                           1280   missing   3
langstrip-json-1280.png                          1280   missing   3
langstrip-html-preview-1280.png                  1280   missing   3
viewer-install-strip-light-1280.png              1280   missing   1
viewer-install-strip-dark-1280.png               1280   missing   1

0 shot(s) ok · 8 missing-at-width or failed (rows recorded) · 0 hard failure(s)
no 1280-proven surface hard-failed — exit 0 (missing-at-width rows are recorded evidence, not failures)
