narrow capture: gate surfaces present in this checkout: dump, settingsdump, personalisation, backend, sessiondump, sessionopen, gitcard, trashdump, viewer-strip, sweep, finish, checksred, preparation, trash, confine, langstrip
studio up: http://arxa.studio.localhost:7897 (scratch /var/folders/z_/vsddl0v124771l0kwkndsptw0000gn/T/arxa-t8c-narrow-VODGBu)
[1280] finish … exit 0 in 227s
[1280] backend … exit 0 in 83s
[1280] langstrip … exit 13 in 106s
[1280] viewer-strip … exit 1 in 12s

studio log tail (full copy: designs/evidence/studio-closeout/narrow-capture-logs/studio-boot.log):
[arxa-boot] session list 0 items in 0ms (query 0 records in 2ms)
[arxa-boot] state served from prewarm
[arxa-boot] state first served in 0ms
[arxa-artifact-viewer] root server serving /var/folders/z_/vsddl0v124771l0kwkndsptw0000gn/T/arxa-t8c-narrow-VODGBu/org/T8CLOSE at http://org-T8CLOSE.localhost:62488
[arxa-artifact-viewer] trace boot@2026-09-13T23:11:10.604Z timeout 34541ms bundle=warm nav=navigate/redir1 fetch=7 resp=44 dcl=101 load=293 client-eval=190 state-req=316 state-res=349 js=10/11574KB/last@2136/top=arxa-monaco.js:10280K,vendor-CCJJTK99.js:723K,index-Df-65__b.js:413K,icons.js:85K slow=session/modelCatalog:373+424,session/modelCatalog:269+345,vendor/icons.js:354+264
[arxa-sidebar] spawned arxa-T8CLOSE-notes-note-wt-260914-001 liveAgent=true
[arxa-boot] session.open ensureOpen=0ms
[arxa-sidebar] attach arxa-T8CLOSE-notes-note-wt-260914-001 liveSession=true liveAgent=true
[arxa-boot] resume T8CLOSE/notes/note-wt-260914-001 head+rows=11 revive=11 attach+retitle=12 list=12
[arxa-boot] session.open ensureOpen=0ms
[arxa-sidebar] attach arxa-T8CLOSE-notes-note-wt-260914-001 liveSession=true liveAgent=true
[arxa-boot] resume T8CLOSE/notes/note-wt-260914-001 head+rows=8 revive=8 attach+retitle=9 list=9
[arxa-artifact-viewer] trace boot@2026-09-13T23:15:03.132Z timeout 73215ms bundle=warm nav=reload/redir0 fetch=8 resp=13 dcl=53 load=189 client-eval=89 state-req=205 state-res=236 catalog-first=255 js=10/11574KB/last@2014/top=arxa-monaco.js:10280K,vendor-CCJJTK99.js:723K,index-Df-65__b.js:413K,icons.js:85K slow=agentPresets/list:206+139,agentPresets/list:232+113,session/create:255+111
[arxa-artifact-viewer] trace boot@2026-09-13T23:16:26.416Z timeout 47845ms bundle=warm nav=reload/redir0 fetch=6 resp=10 dcl=47 load=177 client-eval=82 state-req=192 state-res=220 catalog-first=239 js=10/11574KB/last@2029/top=arxa-monaco.js:10280K,vendor-CCJJTK99.js:723K,index-Df-65__b.js:413K,icons.js:85K slow=session/modelCatalog:153+293,session/modelCatalog:213+266,vendor/icons.js:225+201

structured rows: designs/evidence/studio-closeout/narrow-capture-log.json · pair logs: designs/evidence/studio-closeout/narrow-capture-logs/

shot                                             width  result    errs(filtered)
------------------------------------------------------------------------------
finish-dialog-light-1280.png                     1280   missing   1
finish-dialog-dark-1280.png                      1280   missing   1
workspace-backend-model-light-1280.png           1280   ok        3
workspace-backend-model-dark-1280.png            1280   ok        3
langstrip-ts-1280.png                            1280   hard      0
langstrip-css-1280.png                           1280   hard      0
langstrip-json-1280.png                          1280   hard      0
langstrip-html-preview-1280.png                  1280   hard      0
viewer-install-strip-light-1280.png              1280   missing   0
viewer-install-strip-dark-1280.png               1280   missing   0

2 shot(s) ok · 8 missing-at-width or failed (rows recorded) · 1 hard failure(s)
HARD FAIL on 1280-proven surface viewer-langstrip @1280: gate exited 13 without a verdict
