viewport@boot: [390,844,true]
internal testing notice dismissed (Continue)
narrow rail expanded through the fold toggle
theme rides the system-preference path (prefers-color-scheme)
-- surface: finish
  org: already open
  notes: clicked
  plus: cta: clicked
  fresh session: T8CLOSE/notes/note-wt-260914-001
  opened via: row
  composer: activated
  markers: {"noConvo":null,"openErr":null}
  bind: {"b":{"orgId":"t8close-scratch","sessionId":"T8CLOSE/notes/note-wt-260914-001"},"cta":true,"sel":{"orgId":"t8close-scratch","rowId":"notes","kind":"dock","label":"Notes"}}
  pane: {"ta":false,"send":false,"hero":true,"loading":false}
  tail: Flowing High
arxa
Describe what you want to build... / commands, @ files or sessions
GLM-5.3
Max
Details
Click a tool row in the message flow to view its details
design
FAILURE STATE: the git dock never mounted — the conversation binds and the composer activates, but the conversation.input.dock slot never renders on fresh boots (product defect, all widths; see pair log + ledger)
shot: /Volumes/business_ssd/arxa_digital_solutions/.worktrees/arxa-studio-closeout/designs/evidence/studio-closeout/390/finish-failed-light-390.png
shot: /Volumes/business_ssd/arxa_digital_solutions/.worktrees/arxa-studio-closeout/designs/evidence/studio-closeout/390/finish-failed-dark-390.png
EVIDENCE OK @390 — finish — zero unfiltered console/page errors
