viewport@boot: [744,813,true]
narrow rail expanded through the fold toggle
theme rides the system-preference path (prefers-color-scheme)
-- surface: finish
  fresh session: T8CLOSE/notes/note-wt-260914-004
  opened via: row
  markers: {"noConvo":null,"openErr":null}
  pane: {"ta":false,"send":false,"hero":false,"loading":false}
  tail: 134 lines
Repository
Files
14
Folders
7
Branches
5
Contributors
3
Last commit
wip: auto-save (watcher) · arxa studio (wip) · 13m ago
Uncommitted
clean
Time
No time recorded yet.
Delivery
GitHub is not linked. Connect it in Settings to see delivery.
Engine
The arxa engine has not run here yet.
design
EVIDENCE FAIL: fresh session: the git dock never mounted
